# === Training Log ===

## METADATA (JSON)
{
  "model_class": "Model",
  "model_module": "__main__",
  "model_str": "Model(\n  (net): Sequential(\n    (0): Linear(in_features=2, out_features=5, bias=True)\n    (1): Tanh()\n    (2): Linear(in_features=5, out_features=5, bias=True)\n    (3): Tanh()\n    (4): Linear(in_features=5, out_features=1, bias=True)\n  )\n)",
  "num_parameters": 51,
  "num_trainable_parameters": 51,
  "optimizer_class": "Adam",
  "optimizer_module": "torch.optim.adam",
  "optimizer_params": {
    "amsgrad": false,
    "betas": [
      0.9,
      0.999
    ],
    "capturable": false,
    "decoupled_weight_decay": false,
    "differentiable": false,
    "eps": 1e-08,
    "foreach": null,
    "fused": null,
    "lr": 0.001,
    "maximize": false,
    "weight_decay": 1e-06
  },
  "stopped": false
}

## BEGIN TRAIN DATA
       iteration            loss        residual        boundary         initial   observational      mse [test]      mae [test]
    1.000000e+00    1.455554e+00    1.353336e-01    6.833879e-01    0.000000e+00    6.368323e-01    1.590435e-01    3.513085e-01
    2.000000e+00    3.421795e-01    4.368839e-02    1.920338e-01    0.000000e+00    1.064573e-01    7.442431e-02    2.437717e-01
    3.000000e+00    2.757006e-01    6.116511e-02    1.514198e-01    0.000000e+00    6.311567e-02    5.760323e-02    2.171859e-01
    4.000000e+00    2.550757e-01    6.233043e-02    1.393310e-01    0.000000e+00    5.341418e-02    5.144431e-02    2.058199e-01
    5.000000e+00    2.435350e-01    6.225763e-02    1.317932e-01    0.000000e+00    4.948409e-02    4.564209e-02    1.954705e-01
    6.000000e+00    2.333843e-01    6.011585e-02    1.314910e-01    0.000000e+00    4.177745e-02    4.245352e-02    1.890381e-01
    7.000000e+00    2.302638e-01    6.153381e-02    1.272839e-01    0.000000e+00    4.144612e-02    3.902204e-02    1.814421e-01
    8.000000e+00    2.238467e-01    6.157529e-02    1.222095e-01    0.000000e+00    4.006189e-02    4.166861e-02    1.897101e-01
    9.000000e+00    2.200337e-01    6.179730e-02    1.185799e-01    0.000000e+00    3.965656e-02    3.770582e-02    1.787244e-01
    1.000000e+01    2.161080e-01    6.434483e-02    1.136042e-01    0.000000e+00    3.815894e-02    3.610293e-02    1.764762e-01
    1.100000e+01    2.141081e-01    6.353642e-02    1.135058e-01    0.000000e+00    3.706586e-02    3.580410e-02    1.738372e-01
    1.200000e+01    2.069086e-01    6.334575e-02    1.097745e-01    0.000000e+00    3.378841e-02    3.604236e-02    1.766896e-01
    1.300000e+01    2.055484e-01    6.405534e-02    1.072782e-01    0.000000e+00    3.421478e-02    3.632352e-02    1.768416e-01
    1.400000e+01    2.051497e-01    6.415315e-02    1.074200e-01    0.000000e+00    3.357652e-02    3.418726e-02    1.705442e-01
    1.500000e+01    1.980803e-01    6.550126e-02    9.947419e-02    0.000000e+00    3.310487e-02    3.174040e-02    1.642584e-01
    1.600000e+01    1.961718e-01    6.409571e-02    1.004110e-01    0.000000e+00    3.166516e-02    3.338916e-02    1.668110e-01
    1.700000e+01    1.933294e-01    6.494441e-02    9.811653e-02    0.000000e+00    3.026845e-02    3.142066e-02    1.604927e-01
    1.800000e+01    1.910185e-01    6.471959e-02    9.574643e-02    0.000000e+00    3.055245e-02    3.034188e-02    1.587458e-01
    1.900000e+01    1.897377e-01    6.460106e-02    9.484057e-02    0.000000e+00    3.029611e-02    2.804905e-02    1.519638e-01
    2.000000e+01    1.820446e-01    6.434131e-02    8.984616e-02    0.000000e+00    2.785712e-02    2.718730e-02    1.474147e-01
    2.100000e+01    1.787091e-01    6.257922e-02    8.894790e-02    0.000000e+00    2.718194e-02    2.888397e-02    1.526368e-01
    2.200000e+01    1.754368e-01    6.124899e-02    8.845459e-02    0.000000e+00    2.573324e-02    2.620894e-02    1.420173e-01
    2.300000e+01    1.750515e-01    6.203086e-02    8.671987e-02    0.000000e+00    2.630082e-02    2.611454e-02    1.427582e-01
    2.400000e+01    1.721938e-01    6.212689e-02    8.350446e-02    0.000000e+00    2.656244e-02    2.883389e-02    1.504685e-01
    2.500000e+01    1.699624e-01    6.146429e-02    8.304372e-02    0.000000e+00    2.545440e-02    2.573059e-02    1.403997e-01
    2.600000e+01    1.672883e-01    6.164132e-02    7.971347e-02    0.000000e+00    2.593346e-02    2.464798e-02    1.366850e-01
    2.700000e+01    1.643692e-01    6.130283e-02    7.889235e-02    0.000000e+00    2.417402e-02    2.926897e-02    1.496097e-01
    2.800000e+01    1.637075e-01    6.007410e-02    7.968794e-02    0.000000e+00    2.394550e-02    2.727334e-02    1.441598e-01
    2.900000e+01    1.617208e-01    6.001304e-02    7.745312e-02    0.000000e+00    2.425463e-02    2.812468e-02    1.465973e-01
    3.000000e+01    1.557255e-01    5.826928e-02    7.423861e-02    0.000000e+00    2.321764e-02    2.535390e-02    1.368724e-01
    3.100000e+01    1.532140e-01    5.788797e-02    7.278999e-02    0.000000e+00    2.253606e-02    2.349471e-02    1.310067e-01
    3.200000e+01    1.553819e-01    5.754839e-02    7.443690e-02    0.000000e+00    2.339656e-02    2.143013e-02    1.252468e-01
    3.300000e+01    1.506612e-01    5.799955e-02    7.098536e-02    0.000000e+00    2.167631e-02    2.129252e-02    1.241297e-01
    3.400000e+01    1.486919e-01    5.669917e-02    7.013575e-02    0.000000e+00    2.185702e-02    2.383338e-02    1.320697e-01
    3.500000e+01    1.464359e-01    5.710430e-02    6.750161e-02    0.000000e+00    2.182998e-02    1.967643e-02    1.181141e-01
    3.600000e+01    1.433482e-01    5.570322e-02    6.735308e-02    0.000000e+00    2.029187e-02    1.941571e-02    1.158919e-01
    3.700000e+01    1.427430e-01    5.579823e-02    6.656613e-02    0.000000e+00    2.037868e-02    1.820895e-02    1.124362e-01
    3.800000e+01    1.409207e-01    5.667337e-02    6.359686e-02    0.000000e+00    2.065046e-02    1.933202e-02    1.167482e-01
    3.900000e+01    1.381500e-01    5.515102e-02    6.304272e-02    0.000000e+00    1.995623e-02    1.843363e-02    1.127490e-01
    4.000000e+01    1.362101e-01    5.702607e-02    5.923895e-02    0.000000e+00    1.994510e-02    2.004106e-02    1.198879e-01
    4.100000e+01    1.369289e-01    5.629820e-02    6.171473e-02    0.000000e+00    1.891600e-02    2.162151e-02    1.250889e-01
    4.200000e+01    1.334634e-01    5.525833e-02    6.034633e-02    0.000000e+00    1.785873e-02    1.831271e-02    1.114774e-01
    4.300000e+01    1.309976e-01    5.429460e-02    5.877664e-02    0.000000e+00    1.792635e-02    1.769751e-02    1.096915e-01
    4.400000e+01    1.282612e-01    5.405975e-02    5.661758e-02    0.000000e+00    1.758392e-02    1.676938e-02    1.071581e-01
    4.500000e+01    1.266825e-01    5.393457e-02    5.449661e-02    0.000000e+00    1.825128e-02    1.799997e-02    1.140575e-01
    4.600000e+01    1.275090e-01    5.412674e-02    5.494044e-02    0.000000e+00    1.844183e-02    1.417717e-02    9.656977e-02
    4.700000e+01    1.229665e-01    5.267874e-02    5.293491e-02    0.000000e+00    1.735281e-02    1.649084e-02    1.064744e-01
    4.800000e+01    1.175788e-01    5.159047e-02    4.983075e-02    0.000000e+00    1.615756e-02    1.820964e-02    1.131905e-01
    4.900000e+01    1.136077e-01    4.975732e-02    4.812044e-02    0.000000e+00    1.572998e-02    1.866679e-02    1.176608e-01
    5.000000e+01    1.103615e-01    5.000831e-02    4.551294e-02    0.000000e+00    1.484024e-02    1.401306e-02    9.802731e-02
    5.100000e+01    1.076543e-01    4.927873e-02    4.369082e-02    0.000000e+00    1.468479e-02    1.592041e-02    1.065545e-01
    5.200000e+01    1.024690e-01    4.779011e-02    4.125951e-02    0.000000e+00    1.341938e-02    1.386363e-02    1.000394e-01
    5.300000e+01    9.806844e-02    4.487951e-02    4.079255e-02    0.000000e+00    1.239638e-02    9.838863e-03    8.442473e-02
    5.400000e+01    9.254873e-02    4.440333e-02    3.654520e-02    0.000000e+00    1.160020e-02    1.239915e-02    9.507336e-02
    5.500000e+01    8.883253e-02    4.319915e-02    3.516982e-02    0.000000e+00    1.046356e-02    1.359701e-02    9.922782e-02
    5.600000e+01    8.456336e-02    4.173486e-02    3.258816e-02    0.000000e+00    1.024033e-02    9.838585e-03    8.353650e-02
    5.700000e+01    7.919367e-02    4.001896e-02    2.970626e-02    0.000000e+00    9.468445e-03    1.086415e-02    8.923091e-02
    5.800000e+01    7.536135e-02    3.927775e-02    2.733886e-02    0.000000e+00    8.744750e-03    7.650980e-03    7.419410e-02
    5.900000e+01    7.376749e-02    3.927779e-02    2.625021e-02    0.000000e+00    8.239500e-03    8.315569e-03    7.737580e-02
    6.000000e+01    7.115061e-02    3.692658e-02    2.602565e-02    0.000000e+00    8.198384e-03    6.877069e-03    7.115474e-02
    6.100000e+01    6.429046e-02    3.521877e-02    2.213631e-02    0.000000e+00    6.935379e-03    6.302405e-03    6.798905e-02
    6.200000e+01    5.938110e-02    3.342523e-02    1.967476e-02    0.000000e+00    6.281115e-03    6.241138e-03    6.809693e-02
    6.300000e+01    5.562094e-02    3.249451e-02    1.729689e-02    0.000000e+00    5.829545e-03    5.083488e-03    6.081330e-02
    6.400000e+01    5.498399e-02    3.154042e-02    1.759330e-02    0.000000e+00    5.850274e-03    5.095642e-03    6.103372e-02
    6.500000e+01    5.134892e-02    2.993882e-02    1.639678e-02    0.000000e+00    5.013320e-03    6.309971e-03    6.782797e-02
    6.600000e+01    4.742763e-02    2.792997e-02    1.464582e-02    0.000000e+00    4.851846e-03    4.251951e-03    5.601094e-02
    6.700000e+01    4.238521e-02    2.584840e-02    1.242022e-02    0.000000e+00    4.116582e-03    2.979984e-03    4.720871e-02
    6.800000e+01    4.135777e-02    2.619376e-02    1.134659e-02    0.000000e+00    3.817415e-03    3.246861e-03    4.910641e-02
    6.900000e+01    3.735982e-02    2.379563e-02    1.018447e-02    0.000000e+00    3.379721e-03    4.460081e-03    5.809752e-02
    7.000000e+01    3.580436e-02    2.165384e-02    1.088326e-02    0.000000e+00    3.267266e-03    2.412738e-03    4.194876e-02
    7.100000e+01    3.024566e-02    1.959436e-02    7.774012e-03    0.000000e+00    2.877293e-03    3.430074e-03    5.081350e-02
    7.200000e+01    2.561954e-02    1.740585e-02    6.064544e-03    0.000000e+00    2.149143e-03    1.881836e-03    3.767542e-02
    7.300000e+01    2.665677e-02    1.739408e-02    6.905070e-03    0.000000e+00    2.357618e-03    2.122449e-03    3.983355e-02
    7.400000e+01    2.281347e-02    1.535531e-02    5.469004e-03    0.000000e+00    1.989154e-03    1.558756e-03    3.370927e-02
    7.500000e+01    1.993966e-02    1.366932e-02    4.599029e-03    0.000000e+00    1.671307e-03    1.487812e-03    3.355159e-02
    7.600000e+01    1.779045e-02    1.271503e-02    3.706186e-03    0.000000e+00    1.369232e-03    1.384030e-03    3.248724e-02
    7.700000e+01    1.682058e-02    1.231111e-02    3.270408e-03    0.000000e+00    1.239064e-03    1.381476e-03    3.203240e-02
    7.800000e+01    1.604799e-02    1.169503e-02    3.158586e-03    0.000000e+00    1.194371e-03    9.263502e-04    2.590518e-02
    7.900000e+01    1.520145e-02    1.091293e-02    3.129601e-03    0.000000e+00    1.158924e-03    1.008027e-03    2.742837e-02
    8.000000e+01    1.288066e-02    9.612843e-03    2.350649e-03    0.000000e+00    9.171661e-04    6.005125e-04    1.905217e-02
    8.100000e+01    1.165997e-02    8.967200e-03    1.942299e-03    0.000000e+00    7.504721e-04    6.616941e-04    2.129797e-02
    8.200000e+01    1.105454e-02    8.541637e-03    1.791605e-03    0.000000e+00    7.212985e-04    8.735501e-04    2.644689e-02
    8.300000e+01    1.060574e-02    8.188557e-03    1.735706e-03    0.000000e+00    6.814793e-04    4.654844e-04    1.568722e-02
    8.400000e+01    1.026067e-02    8.056359e-03    1.610101e-03    0.000000e+00    5.942065e-04    5.645579e-04    1.921813e-02
    8.500000e+01    9.436891e-03    7.244730e-03    1.588514e-03    0.000000e+00    6.036472e-04    5.030240e-04    1.854190e-02
    8.600000e+01    9.579911e-03    7.419909e-03    1.592113e-03    0.000000e+00    5.678889e-04    5.953639e-04    2.090196e-02
    8.700000e+01    8.610380e-03    6.766422e-03    1.325023e-03    0.000000e+00    5.189361e-04    4.788991e-04    1.718392e-02
    8.800000e+01    8.268015e-03    6.471363e-03    1.314954e-03    0.000000e+00    4.816980e-04    4.096275e-04    1.544477e-02
    8.900000e+01    8.093289e-03    6.410544e-03    1.167369e-03    0.000000e+00    5.153751e-04    3.817182e-04    1.541321e-02
    9.000000e+01    7.926262e-03    6.274242e-03    1.191410e-03    0.000000e+00    4.606106e-04    4.799291e-04    1.632079e-02
    9.100000e+01    6.794746e-03    5.338351e-03    1.010218e-03    0.000000e+00    4.461775e-04    3.700019e-04    1.525522e-02
    9.200000e+01    7.234174e-03    5.812548e-03    9.874851e-04    0.000000e+00    4.341410e-04    4.263355e-04    1.679191e-02
    9.300000e+01    6.795103e-03    5.404697e-03    1.013645e-03    0.000000e+00    3.767608e-04    4.128319e-04    1.476076e-02
    9.400000e+01    6.380295e-03    5.096992e-03    8.912930e-04    0.000000e+00    3.920100e-04    3.789874e-04    1.593413e-02
    9.500000e+01    5.818954e-03    4.750896e-03    7.441389e-04    0.000000e+00    3.239189e-04    3.624937e-04    1.497171e-02
    9.600000e+01    5.454038e-03    4.349504e-03    7.488172e-04    0.000000e+00    3.557168e-04    3.496896e-04    1.476385e-02
    9.700000e+01    5.769203e-03    4.609914e-03    8.243393e-04    0.000000e+00    3.349500e-04    4.878271e-04    1.836713e-02
    9.800000e+01    5.351571e-03    4.269355e-03    7.203566e-04    0.000000e+00    3.618595e-04    3.154529e-04    1.395300e-02
    9.900000e+01    4.779241e-03    3.809914e-03    6.409104e-04    0.000000e+00    3.284158e-04    3.521257e-04    1.479028e-02
    1.000000e+02    4.931177e-03    3.904389e-03    7.005447e-04    0.000000e+00    3.262432e-04    3.766319e-04    1.562872e-02
    1.010000e+02    4.472089e-03    3.582255e-03    5.963432e-04    0.000000e+00    2.934911e-04    2.720623e-04    1.351637e-02
    1.020000e+02    4.523088e-03    3.581938e-03    6.053900e-04    0.000000e+00    3.357598e-04    3.123837e-04    1.423661e-02
    1.030000e+02    4.151733e-03    3.302791e-03    5.311494e-04    0.000000e+00    3.177924e-04    3.079203e-04    1.420937e-02
    1.040000e+02    4.494370e-03    3.537709e-03    6.382163e-04    0.000000e+00    3.184443e-04    2.824874e-04    1.324691e-02
    1.050000e+02    4.194578e-03    3.318611e-03    5.812492e-04    0.000000e+00    2.947183e-04    2.737544e-04    1.343325e-02
    1.060000e+02    4.044182e-03    3.211740e-03    5.365249e-04    0.000000e+00    2.959172e-04    2.750486e-04    1.384836e-02
    1.070000e+02    3.926545e-03    3.094412e-03    5.361859e-04    0.000000e+00    2.959463e-04    2.642033e-04    1.293573e-02
    1.080000e+02    3.630095e-03    2.819016e-03    5.175882e-04    0.000000e+00    2.934907e-04    3.206968e-04    1.450103e-02
    1.090000e+02    3.399460e-03    2.636802e-03    4.770726e-04    0.000000e+00    2.855856e-04    2.653447e-04    1.372337e-02
    1.100000e+02    3.549902e-03    2.758649e-03    4.999862e-04    0.000000e+00    2.912666e-04    2.351605e-04    1.280335e-02
    1.110000e+02    3.077216e-03    2.389447e-03    4.172356e-04    0.000000e+00    2.705329e-04    2.712215e-04    1.366986e-02
    1.120000e+02    3.092398e-03    2.408902e-03    4.217513e-04    0.000000e+00    2.617448e-04    2.593735e-04    1.355176e-02
    1.130000e+02    2.948943e-03    2.307287e-03    3.831664e-04    0.000000e+00    2.584898e-04    3.051239e-04    1.388847e-02
    1.140000e+02    2.577634e-03    1.957771e-03    3.608426e-04    0.000000e+00    2.590206e-04    3.251660e-04    1.460360e-02
    1.150000e+02    2.772953e-03    2.161400e-03    3.677945e-04    0.000000e+00    2.437586e-04    2.866424e-04    1.400160e-02
    1.160000e+02    2.549216e-03    1.969652e-03    3.248813e-04    0.000000e+00    2.546826e-04    2.540564e-04    1.342454e-02
    1.170000e+02    2.672611e-03    2.056799e-03    3.498122e-04    0.000000e+00    2.659998e-04    2.864236e-04    1.359577e-02
    1.180000e+02    2.259557e-03    1.693352e-03    2.996410e-04    0.000000e+00    2.665636e-04    2.409096e-04    1.303829e-02
    1.190000e+02    2.541802e-03    1.932684e-03    3.572370e-04    0.000000e+00    2.518809e-04    2.912884e-04    1.381477e-02
    1.200000e+02    2.226363e-03    1.677670e-03    3.029622e-04    0.000000e+00    2.457313e-04    2.307921e-04    1.230022e-02
    1.210000e+02    2.098920e-03    1.567227e-03    2.842568e-04    0.000000e+00    2.474366e-04    2.514350e-04    1.298308e-02
    1.220000e+02    2.394406e-03    1.812951e-03    3.273951e-04    0.000000e+00    2.540603e-04    2.559049e-04    1.319789e-02
    1.230000e+02    1.981260e-03    1.470824e-03    2.737444e-04    0.000000e+00    2.366916e-04    2.514234e-04    1.337956e-02
    1.240000e+02    2.131244e-03    1.607784e-03    2.871933e-04    0.000000e+00    2.362671e-04    2.845686e-04    1.381362e-02
    1.250000e+02    1.966894e-03    1.456022e-03    2.760087e-04    0.000000e+00    2.348631e-04    2.210471e-04    1.243164e-02
    1.260000e+02    1.832055e-03    1.336547e-03    2.581173e-04    0.000000e+00    2.373912e-04    2.194236e-04    1.246607e-02
    1.270000e+02    1.833812e-03    1.327737e-03    2.675968e-04    0.000000e+00    2.384782e-04    2.144608e-04    1.229159e-02
    1.280000e+02    1.869718e-03    1.386143e-03    2.499806e-04    0.000000e+00    2.335949e-04    2.436747e-04    1.285489e-02
    1.290000e+02    1.897333e-03    1.395438e-03    2.761481e-04    0.000000e+00    2.257463e-04    2.332253e-04    1.260739e-02
    1.300000e+02    1.722556e-03    1.250104e-03    2.427058e-04    0.000000e+00    2.297461e-04    2.172331e-04    1.240539e-02
    1.310000e+02    1.669001e-03    1.203332e-03    2.420137e-04    0.000000e+00    2.236550e-04    2.695358e-04    1.336831e-02
    1.320000e+02    1.649272e-03    1.176423e-03    2.507487e-04    0.000000e+00    2.221003e-04    2.156287e-04    1.252792e-02
    1.330000e+02    1.699071e-03    1.219970e-03    2.501489e-04    0.000000e+00    2.289522e-04    2.078655e-04    1.221226e-02
    1.340000e+02    1.620779e-03    1.150860e-03    2.331377e-04    0.000000e+00    2.367815e-04    2.249393e-04    1.251816e-02
    1.350000e+02    1.627519e-03    1.176629e-03    2.361069e-04    0.000000e+00    2.147835e-04    2.373873e-04    1.261486e-02
    1.360000e+02    1.584035e-03    1.105245e-03    2.421700e-04    0.000000e+00    2.366205e-04    2.706959e-04    1.353798e-02
    1.370000e+02    1.703887e-03    1.233414e-03    2.432698e-04    0.000000e+00    2.272033e-04    1.976752e-04    1.145138e-02
    1.380000e+02    1.527972e-03    1.087284e-03    2.249993e-04    0.000000e+00    2.156887e-04    2.129867e-04    1.198543e-02
    1.390000e+02    1.477484e-03    1.040627e-03    2.163302e-04    0.000000e+00    2.205268e-04    1.957146e-04    1.183925e-02
    1.400000e+02    1.562230e-03    1.116972e-03    2.406632e-04    0.000000e+00    2.045940e-04    2.018543e-04    1.197924e-02
    1.410000e+02    1.462221e-03    1.026155e-03    2.282056e-04    0.000000e+00    2.078608e-04    2.416851e-04    1.288822e-02
    1.420000e+02    1.534111e-03    1.094669e-03    2.173069e-04    0.000000e+00    2.221347e-04    1.992823e-04    1.192034e-02
    1.430000e+02    1.428199e-03    1.008184e-03    2.106459e-04    0.000000e+00    2.093690e-04    1.967575e-04    1.152664e-02
    1.440000e+02    1.379596e-03    9.571959e-04    2.155015e-04    0.000000e+00    2.068991e-04    1.961194e-04    1.187967e-02
    1.450000e+02    1.331427e-03    9.143711e-04    2.134525e-04    0.000000e+00    2.036034e-04    2.022435e-04    1.202856e-02
    1.460000e+02    1.377711e-03    9.449538e-04    2.201970e-04    0.000000e+00    2.125607e-04    2.274502e-04    1.259965e-02
    1.470000e+02    1.424335e-03    9.905989e-04    2.118621e-04    0.000000e+00    2.218744e-04    2.070523e-04    1.208821e-02
    1.480000e+02    1.251197e-03    8.468153e-04    2.039278e-04    0.000000e+00    2.004542e-04    2.277673e-04    1.263008e-02
    1.490000e+02    1.354497e-03    9.444642e-04    2.177534e-04    0.000000e+00    1.922796e-04    2.088878e-04    1.185496e-02
    1.500000e+02    1.335154e-03    9.161976e-04    2.160089e-04    0.000000e+00    2.029472e-04    2.029577e-04    1.190129e-02
    1.510000e+02    1.337574e-03    9.148990e-04    2.067000e-04    0.000000e+00    2.159750e-04    1.969949e-04    1.199388e-02
    1.520000e+02    1.241619e-03    8.512227e-04    2.025188e-04    0.000000e+00    1.878776e-04    2.079265e-04    1.207242e-02
    1.530000e+02    1.250145e-03    8.480118e-04    2.123531e-04    0.000000e+00    1.897799e-04    1.906925e-04    1.136984e-02
    1.540000e+02    1.161849e-03    7.719334e-04    1.962885e-04    0.000000e+00    1.936275e-04    2.080545e-04    1.186864e-02
    1.550000e+02    1.295084e-03    8.898332e-04    2.030589e-04    0.000000e+00    2.021914e-04    1.831711e-04    1.127792e-02
    1.560000e+02    1.248953e-03    8.395219e-04    1.993702e-04    0.000000e+00    2.100613e-04    2.047617e-04    1.184921e-02
    1.570000e+02    1.100909e-03    7.231966e-04    1.894322e-04    0.000000e+00    1.882806e-04    1.894917e-04    1.161199e-02
    1.580000e+02    1.190493e-03    8.115630e-04    1.935529e-04    0.000000e+00    1.853772e-04    1.902659e-04    1.151839e-02
    1.590000e+02    1.183344e-03    7.859816e-04    1.927486e-04    0.000000e+00    2.046143e-04    1.886829e-04    1.178407e-02
    1.600000e+02    1.124889e-03    7.542521e-04    1.845670e-04    0.000000e+00    1.860700e-04    1.828558e-04    1.148311e-02
    1.610000e+02    1.105963e-03    7.417306e-04    1.889986e-04    0.000000e+00    1.752339e-04    1.906969e-04    1.172781e-02
    1.620000e+02    1.076875e-03    6.962306e-04    1.857230e-04    0.000000e+00    1.949214e-04    1.866533e-04    1.161600e-02
    1.630000e+02    1.236023e-03    8.466416e-04    1.887236e-04    0.000000e+00    2.006575e-04    2.159553e-04    1.210676e-02
    1.640000e+02    1.092676e-03    7.025911e-04    1.886112e-04    0.000000e+00    2.014740e-04    1.778149e-04    1.126731e-02
    1.650000e+02    1.109338e-03    7.359716e-04    1.786049e-04    0.000000e+00    1.947617e-04    1.891997e-04    1.171921e-02
    1.660000e+02    1.085957e-03    7.278138e-04    1.766094e-04    0.000000e+00    1.815340e-04    1.864261e-04    1.131520e-02
    1.670000e+02    1.078989e-03    6.921154e-04    1.857295e-04    0.000000e+00    2.011439e-04    1.987772e-04    1.159350e-02
    1.680000e+02    1.066275e-03    6.951408e-04    1.775040e-04    0.000000e+00    1.936300e-04    1.943721e-04    1.149671e-02
    1.690000e+02    1.064109e-03    6.972557e-04    1.760003e-04    0.000000e+00    1.908526e-04    1.745560e-04    1.095846e-02
    1.700000e+02    1.103629e-03    7.368344e-04    1.880724e-04    0.000000e+00    1.787223e-04    1.968124e-04    1.152030e-02
    1.710000e+02    1.048303e-03    6.853342e-04    1.822472e-04    0.000000e+00    1.807217e-04    2.023337e-04    1.175783e-02
    1.720000e+02    1.124611e-03    7.432192e-04    1.808461e-04    0.000000e+00    2.005453e-04    1.807977e-04    1.163084e-02
    1.730000e+02    1.049891e-03    6.835238e-04    1.746139e-04    0.000000e+00    1.917536e-04    1.883002e-04    1.132722e-02
    1.740000e+02    9.963484e-04    6.428526e-04    1.770041e-04    0.000000e+00    1.764917e-04    1.922806e-04    1.127379e-02
    1.750000e+02    9.899990e-04    6.428688e-04    1.685478e-04    0.000000e+00    1.785825e-04    1.787393e-04    1.152477e-02
    1.760000e+02    1.040398e-03    6.909154e-04    1.675891e-04    0.000000e+00    1.818937e-04    1.653216e-04    1.084153e-02
    1.770000e+02    1.006360e-03    6.480264e-04    1.821722e-04    0.000000e+00    1.761616e-04    1.706839e-04    1.096817e-02
    1.780000e+02    1.057425e-03    6.946445e-04    1.768308e-04    0.000000e+00    1.859499e-04    1.689381e-04    1.107525e-02
    1.790000e+02    1.082449e-03    7.118944e-04    1.863005e-04    0.000000e+00    1.842536e-04    1.789059e-04    1.138123e-02
    1.800000e+02    1.041397e-03    6.781290e-04    1.796272e-04    0.000000e+00    1.836407e-04    1.775502e-04    1.111418e-02
    1.810000e+02    9.487450e-04    6.077521e-04    1.707630e-04    0.000000e+00    1.702298e-04    1.820740e-04    1.093259e-02
    1.820000e+02    1.056283e-03    7.187072e-04    1.607075e-04    0.000000e+00    1.768681e-04    1.687915e-04    1.093751e-02
    1.830000e+02    9.607207e-04    6.134747e-04    1.706763e-04    0.000000e+00    1.765698e-04    1.670274e-04    1.123228e-02
    1.840000e+02    9.644094e-04    6.307273e-04    1.674809e-04    0.000000e+00    1.662012e-04    1.825166e-04    1.119452e-02
    1.850000e+02    9.976437e-04    6.539237e-04    1.635749e-04    0.000000e+00    1.801451e-04    1.593530e-04    1.063125e-02
    1.860000e+02    1.034819e-03    6.932769e-04    1.790326e-04    0.000000e+00    1.625095e-04    1.639340e-04    1.103268e-02
    1.870000e+02    1.017193e-03    6.747292e-04    1.640030e-04    0.000000e+00    1.784612e-04    1.644089e-04    1.084186e-02
    1.880000e+02    9.314773e-04    5.965870e-04    1.636908e-04    0.000000e+00    1.711995e-04    1.712482e-04    1.084096e-02
    1.890000e+02    9.737879e-04    6.412657e-04    1.611650e-04    0.000000e+00    1.713572e-04    1.633555e-04    1.113903e-02
    1.900000e+02    9.275318e-04    5.969069e-04    1.578356e-04    0.000000e+00    1.727893e-04    1.662474e-04    1.088641e-02
    1.910000e+02    9.342213e-04    6.100430e-04    1.641219e-04    0.000000e+00    1.600564e-04    1.880639e-04    1.133619e-02
    1.920000e+02    9.132347e-04    5.950505e-04    1.562907e-04    0.000000e+00    1.618935e-04    1.612921e-04    1.072077e-02
    1.930000e+02    9.239192e-04    5.998959e-04    1.537322e-04    0.000000e+00    1.702911e-04    1.482329e-04    1.028409e-02
    1.940000e+02    8.934111e-04    5.613245e-04    1.662768e-04    0.000000e+00    1.658097e-04    1.623571e-04    1.071659e-02
    1.950000e+02    9.467830e-04    6.230704e-04    1.563500e-04    0.000000e+00    1.673626e-04    1.677759e-04    1.087186e-02
    1.960000e+02    9.808878e-04    6.434177e-04    1.621156e-04    0.000000e+00    1.753545e-04    1.578294e-04    1.046296e-02
    1.970000e+02    9.328814e-04    6.096035e-04    1.557889e-04    0.000000e+00    1.674890e-04    1.660163e-04    1.066548e-02
    1.980000e+02    8.833356e-04    5.650378e-04    1.544986e-04    0.000000e+00    1.637992e-04    1.553805e-04    1.071576e-02
    1.990000e+02    9.233241e-04    6.111321e-04    1.511542e-04    0.000000e+00    1.610377e-04    2.095993e-04    1.181594e-02
    2.000000e+02    9.405561e-04    6.170185e-04    1.486534e-04    0.000000e+00    1.748841e-04    1.573050e-04    1.088894e-02
    2.010000e+02    8.713384e-04    5.667173e-04    1.445822e-04    0.000000e+00    1.600389e-04    1.614225e-04    1.077782e-02
    2.020000e+02    9.817215e-04    6.516451e-04    1.576504e-04    0.000000e+00    1.724260e-04    1.647395e-04    1.109909e-02
    2.030000e+02    8.603863e-04    5.530546e-04    1.443297e-04    0.000000e+00    1.630020e-04    1.641717e-04    1.068568e-02
    2.040000e+02    9.503322e-04    6.353560e-04    1.518435e-04    0.000000e+00    1.631327e-04    1.710499e-04    1.070200e-02
    2.050000e+02    8.724874e-04    5.652843e-04    1.470325e-04    0.000000e+00    1.601706e-04    1.558389e-04    1.049931e-02
    2.060000e+02    9.571448e-04    6.322007e-04    1.576921e-04    0.000000e+00    1.672520e-04    1.595468e-04    1.078361e-02
    2.070000e+02    8.865299e-04    5.820293e-04    1.424434e-04    0.000000e+00    1.620572e-04    1.650642e-04    1.050191e-02
    2.080000e+02    8.571867e-04    5.564908e-04    1.428927e-04    0.000000e+00    1.578032e-04    1.669568e-04    1.087103e-02
    2.090000e+02    8.512948e-04    5.522815e-04    1.373179e-04    0.000000e+00    1.616955e-04    1.993816e-04    1.135475e-02
    2.100000e+02    9.017053e-04    5.985799e-04    1.484341e-04    0.000000e+00    1.546913e-04    1.635465e-04    1.080545e-02
    2.110000e+02    9.435372e-04    6.277318e-04    1.503228e-04    0.000000e+00    1.654826e-04    1.539975e-04    1.040703e-02
    2.120000e+02    8.805248e-04    5.744687e-04    1.426861e-04    0.000000e+00    1.633699e-04    1.635810e-04    1.073923e-02
    2.130000e+02    8.866574e-04    5.873639e-04    1.418514e-04    0.000000e+00    1.574421e-04    1.480023e-04    1.040439e-02
    2.140000e+02    8.480429e-04    5.503408e-04    1.358420e-04    0.000000e+00    1.618602e-04    1.572775e-04    1.043710e-02
    2.150000e+02    8.491364e-04    5.506559e-04    1.417547e-04    0.000000e+00    1.567258e-04    1.534890e-04    1.040469e-02
    2.160000e+02    8.576285e-04    5.650444e-04    1.385571e-04    0.000000e+00    1.540270e-04    1.524500e-04    1.056060e-02
    2.170000e+02    9.017714e-04    6.020444e-04    1.351881e-04    0.000000e+00    1.645389e-04    1.492778e-04    1.011285e-02
    2.180000e+02    9.528040e-04    6.507115e-04    1.390235e-04    0.000000e+00    1.630690e-04    1.557055e-04    1.064914e-02
    2.190000e+02    8.365302e-04    5.422838e-04    1.383426e-04    0.000000e+00    1.559038e-04    1.665809e-04    1.075177e-02
    2.200000e+02    8.961345e-04    5.957605e-04    1.408849e-04    0.000000e+00    1.594891e-04    1.538651e-04    1.043305e-02
    2.210000e+02    9.065458e-04    6.002134e-04    1.380754e-04    0.000000e+00    1.682571e-04    1.626762e-04    1.083208e-02
    2.220000e+02    8.623590e-04    5.865105e-04    1.310581e-04    0.000000e+00    1.447904e-04    1.609272e-04    1.044315e-02
    2.230000e+02    8.125170e-04    5.268287e-04    1.279516e-04    0.000000e+00    1.577367e-04    1.468304e-04    1.023066e-02
    2.240000e+02    9.086554e-04    6.100983e-04    1.384147e-04    0.000000e+00    1.601424e-04    1.561804e-04    1.078488e-02
    2.250000e+02    8.776525e-04    5.813753e-04    1.371542e-04    0.000000e+00    1.591230e-04    1.385226e-04    9.904331e-03
    2.260000e+02    8.279546e-04    5.515598e-04    1.286305e-04    0.000000e+00    1.477643e-04    1.515992e-04    1.032569e-02
    2.270000e+02    8.245390e-04    5.463068e-04    1.347215e-04    0.000000e+00    1.435107e-04    1.670737e-04    1.101694e-02
    2.280000e+02    8.782481e-04    5.824511e-04    1.392936e-04    0.000000e+00    1.565034e-04    1.484309e-04    1.022424e-02
    2.290000e+02    8.515756e-04    5.696852e-04    1.314603e-04    0.000000e+00    1.504301e-04    1.399758e-04    1.027483e-02
    2.300000e+02    7.902403e-04    5.142780e-04    1.234308e-04    0.000000e+00    1.525315e-04    1.492419e-04    1.018715e-02
    2.310000e+02    8.142610e-04    5.445123e-04    1.318560e-04    0.000000e+00    1.378927e-04    1.544742e-04    1.057487e-02
    2.320000e+02    8.053710e-04    5.241043e-04    1.306385e-04    0.000000e+00    1.506282e-04    1.480834e-04    1.046883e-02
    2.330000e+02    8.007577e-04    5.276854e-04    1.268306e-04    0.000000e+00    1.462417e-04    1.464107e-04    1.045669e-02
    2.340000e+02    9.081799e-04    6.087215e-04    1.453313e-04    0.000000e+00    1.541271e-04    1.456131e-04    1.034562e-02
    2.350000e+02    8.221853e-04    5.409648e-04    1.335108e-04    0.000000e+00    1.477098e-04    1.507157e-04    1.018882e-02
    2.360000e+02    8.291046e-04    5.481524e-04    1.381224e-04    0.000000e+00    1.428299e-04    1.772849e-04    1.089814e-02
    2.370000e+02    8.110193e-04    5.422683e-04    1.252378e-04    0.000000e+00    1.435131e-04    1.406085e-04    1.007840e-02
    2.380000e+02    8.165637e-04    5.523053e-04    1.267595e-04    0.000000e+00    1.374989e-04    1.580463e-04    1.055106e-02
    2.390000e+02    7.975771e-04    5.215258e-04    1.222504e-04    0.000000e+00    1.538010e-04    1.403794e-04    9.931801e-03
    2.400000e+02    7.815511e-04    4.982987e-04    1.183958e-04    0.000000e+00    1.648566e-04    1.450032e-04    1.032544e-02
    2.410000e+02    8.180678e-04    5.299457e-04    1.296274e-04    0.000000e+00    1.584948e-04    1.496909e-04    1.043100e-02
    2.420000e+02    8.235789e-04    5.322911e-04    1.374514e-04    0.000000e+00    1.538364e-04    1.769329e-04    1.113280e-02
    2.430000e+02    7.724310e-04    5.151813e-04    1.174135e-04    0.000000e+00    1.398361e-04    1.350578e-04    9.710046e-03
    2.440000e+02    7.924783e-04    5.217226e-04    1.226268e-04    0.000000e+00    1.481290e-04    1.557246e-04    1.032848e-02
    2.450000e+02    8.089113e-04    5.327824e-04    1.285487e-04    0.000000e+00    1.475802e-04    1.392832e-04    1.009113e-02
    2.460000e+02    7.697250e-04    5.045323e-04    1.178628e-04    0.000000e+00    1.473299e-04    1.394768e-04    1.018738e-02
    2.470000e+02    7.974023e-04    5.232246e-04    1.221947e-04    0.000000e+00    1.519831e-04    1.343730e-04    9.892851e-03
    2.480000e+02    8.268479e-04    5.610281e-04    1.211859e-04    0.000000e+00    1.446340e-04    1.553558e-04    1.048505e-02
    2.490000e+02    7.632564e-04    4.966802e-04    1.208709e-04    0.000000e+00    1.457053e-04    1.458541e-04    1.012868e-02
    2.500000e+02    8.005445e-04    5.344023e-04    1.233151e-04    0.000000e+00    1.428271e-04    1.444043e-04    1.015529e-02
    2.510000e+02    7.991969e-04    5.295030e-04    1.212083e-04    0.000000e+00    1.484857e-04    1.293275e-04    9.925675e-03
    2.520000e+02    7.921506e-04    5.317078e-04    1.230220e-04    0.000000e+00    1.374207e-04    1.427206e-04    9.917002e-03
    2.530000e+02    7.726567e-04    5.122729e-04    1.232394e-04    0.000000e+00    1.371445e-04    1.586998e-04    1.042752e-02
    2.540000e+02    7.683509e-04    5.098830e-04    1.166938e-04    0.000000e+00    1.417741e-04    1.723289e-04    1.096675e-02
    2.550000e+02    7.167058e-04    4.585539e-04    1.188882e-04    0.000000e+00    1.392637e-04    1.361309e-04    9.850029e-03
    2.560000e+02    7.903764e-04    5.347403e-04    1.239986e-04    0.000000e+00    1.316375e-04    1.430376e-04    9.967883e-03
    2.570000e+02    7.878950e-04    5.355254e-04    1.159486e-04    0.000000e+00    1.364210e-04    1.467540e-04    1.010252e-02
    2.580000e+02    7.848353e-04    5.256348e-04    1.179405e-04    0.000000e+00    1.412599e-04    1.371322e-04    9.830013e-03
    2.590000e+02    7.637267e-04    5.091514e-04    1.145425e-04    0.000000e+00    1.400328e-04    1.382894e-04    9.871915e-03
    2.600000e+02    7.812817e-04    5.164925e-04    1.264255e-04    0.000000e+00    1.383637e-04    1.623592e-04    1.024412e-02
    2.610000e+02    8.246772e-04    5.732309e-04    1.154724e-04    0.000000e+00    1.359738e-04    1.479670e-04    9.973752e-03
    2.620000e+02    8.204148e-04    5.566709e-04    1.197664e-04    0.000000e+00    1.439775e-04    1.339140e-04    9.762930e-03
    2.630000e+02    7.517305e-04    4.919027e-04    1.107428e-04    0.000000e+00    1.490849e-04    1.320794e-04    9.735974e-03
    2.640000e+02    7.746497e-04    5.241237e-04    1.101971e-04    0.000000e+00    1.403290e-04    1.532580e-04    1.032253e-02
    2.650000e+02    7.546478e-04    5.028090e-04    1.119118e-04    0.000000e+00    1.399270e-04    1.299050e-04    9.592591e-03
    2.660000e+02    7.846038e-04    5.362029e-04    1.109039e-04    0.000000e+00    1.374969e-04    1.309146e-04    9.583009e-03
    2.670000e+02    8.093193e-04    5.567975e-04    1.141740e-04    0.000000e+00    1.383478e-04    1.277719e-04    9.457774e-03
    2.680000e+02    7.383159e-04    4.886712e-04    1.171419e-04    0.000000e+00    1.325028e-04    1.315608e-04    9.893472e-03
    2.690000e+02    7.636565e-04    5.060056e-04    1.196804e-04    0.000000e+00    1.379705e-04    1.660575e-04    1.045560e-02
    2.700000e+02    7.424244e-04    4.954789e-04    1.113602e-04    0.000000e+00    1.355853e-04    1.416280e-04    9.902430e-03
    2.710000e+02    7.437137e-04    5.004792e-04    1.092426e-04    0.000000e+00    1.339920e-04    1.275433e-04    9.493059e-03
    2.720000e+02    7.566645e-04    5.131391e-04    1.056241e-04    0.000000e+00    1.379013e-04    1.320029e-04    9.552282e-03
    2.730000e+02    7.387807e-04    5.027557e-04    1.058727e-04    0.000000e+00    1.301523e-04    1.290306e-04    9.624790e-03
    2.740000e+02    7.813224e-04    5.335547e-04    1.136889e-04    0.000000e+00    1.340787e-04    1.204217e-04    9.133528e-03
    2.750000e+02    7.651400e-04    5.338486e-04    1.063937e-04    0.000000e+00    1.248977e-04    1.276912e-04    9.374334e-03
    2.760000e+02    7.909959e-04    5.417188e-04    1.136971e-04    0.000000e+00    1.355801e-04    1.285306e-04    9.626230e-03
    2.770000e+02    7.878823e-04    5.386762e-04    1.086637e-04    0.000000e+00    1.405424e-04    1.451201e-04    9.892011e-03
    2.780000e+02    7.484946e-04    5.106249e-04    1.092492e-04    0.000000e+00    1.286205e-04    1.290758e-04    9.312969e-03
    2.790000e+02    7.546806e-04    5.117844e-04    1.067176e-04    0.000000e+00    1.361786e-04    1.496383e-04    9.929257e-03
    2.800000e+02    7.036924e-04    4.598025e-04    1.026514e-04    0.000000e+00    1.412385e-04    1.250603e-04    9.534469e-03
    2.810000e+02    7.644750e-04    5.257132e-04    1.082738e-04    0.000000e+00    1.304880e-04    1.228732e-04    9.474972e-03
    2.820000e+02    7.455250e-04    5.098892e-04    1.059080e-04    0.000000e+00    1.297277e-04    1.277676e-04    9.546778e-03
    2.830000e+02    7.557743e-04    5.151208e-04    1.047593e-04    0.000000e+00    1.358941e-04    1.261584e-04    9.494607e-03
    2.840000e+02    7.183340e-04    4.883842e-04    1.013062e-04    0.000000e+00    1.286436e-04    1.205367e-04    9.291817e-03
    2.850000e+02    7.798270e-04    5.445684e-04    1.103860e-04    0.000000e+00    1.248726e-04    1.301576e-04    9.543685e-03
    2.860000e+02    7.833496e-04    5.453105e-04    1.091567e-04    0.000000e+00    1.288823e-04    1.395679e-04    9.675115e-03
    2.870000e+02    7.320759e-04    4.978738e-04    1.083450e-04    0.000000e+00    1.258570e-04    1.310516e-04    9.463714e-03
    2.880000e+02    7.414423e-04    4.886526e-04    1.067841e-04    0.000000e+00    1.460057e-04    1.230051e-04    9.369097e-03
    2.890000e+02    6.996402e-04    4.705108e-04    1.013374e-04    0.000000e+00    1.277920e-04    1.237117e-04    9.103965e-03
    2.900000e+02    7.232562e-04    4.998048e-04    9.751106e-05    0.000000e+00    1.259404e-04    1.377289e-04    9.876995e-03
    2.910000e+02    7.181521e-04    4.894614e-04    1.026828e-04    0.000000e+00    1.260078e-04    1.335990e-04    9.702323e-03
    2.920000e+02    7.632611e-04    5.324734e-04    1.076096e-04    0.000000e+00    1.231781e-04    1.283658e-04    9.693686e-03
    2.930000e+02    7.386232e-04    5.001981e-04    1.063142e-04    0.000000e+00    1.321110e-04    1.312592e-04    9.464470e-03
    2.940000e+02    7.445534e-04    5.249922e-04    1.015631e-04    0.000000e+00    1.179981e-04    1.262589e-04    9.414922e-03
    2.950000e+02    7.323696e-04    5.000866e-04    9.790582e-05    0.000000e+00    1.343772e-04    1.387079e-04    9.684721e-03
    2.960000e+02    7.362700e-04    4.994899e-04    1.022799e-04    0.000000e+00    1.345002e-04    1.189970e-04    9.160102e-03
    2.970000e+02    7.116204e-04    4.898581e-04    9.608571e-05    0.000000e+00    1.256767e-04    1.275619e-04    9.408447e-03
    2.980000e+02    6.863323e-04    4.647078e-04    1.001671e-04    0.000000e+00    1.214574e-04    1.196753e-04    9.179371e-03
    2.990000e+02    7.066073e-04    4.879308e-04    9.753535e-05    0.000000e+00    1.211412e-04    1.265831e-04    9.441801e-03
    3.000000e+02    7.238016e-04    4.957863e-04    1.061541e-04    0.000000e+00    1.218612e-04    1.232156e-04    9.132747e-03
## END TRAIN DATA
