# === Training Log ===

## METADATA (JSON)
{
  "model_class": "Model",
  "model_module": "__main__",
  "model_str": "Model(\n  (net): Sequential(\n    (0): Linear(in_features=2, out_features=5, bias=True)\n    (1): Tanh()\n    (2): Linear(in_features=5, out_features=5, bias=True)\n    (3): Tanh()\n    (4): Linear(in_features=5, out_features=1, bias=True)\n  )\n)",
  "num_parameters": 51,
  "num_trainable_parameters": 51,
  "optimizer_class": "Adam",
  "optimizer_module": "torch.optim.adam",
  "optimizer_params": {
    "amsgrad": false,
    "betas": [
      0.9,
      0.999
    ],
    "capturable": false,
    "decoupled_weight_decay": false,
    "differentiable": false,
    "eps": 1e-08,
    "foreach": null,
    "fused": null,
    "lr": 0.001,
    "maximize": false,
    "weight_decay": 1e-06
  },
  "stopped": false
}

## BEGIN TRAIN DATA
       iteration            loss        residual        boundary         initial   observational      mse [test]      mae [test]
    1.000000e+00    7.921524e-01    9.434494e-03    3.785403e-01    0.000000e+00    4.041776e-01    1.011609e-01    2.943367e-01
    2.000000e+00    2.492789e-01    5.128582e-02    1.374795e-01    0.000000e+00    6.051352e-02    4.823259e-02    2.014824e-01
    3.000000e+00    2.362073e-01    6.740127e-02    1.222382e-01    0.000000e+00    4.656784e-02    4.352796e-02    1.936191e-01
    4.000000e+00    2.307820e-01    6.628448e-02    1.210873e-01    0.000000e+00    4.341028e-02    4.216403e-02    1.895314e-01
    5.000000e+00    2.226389e-01    6.716909e-02    1.164054e-01    0.000000e+00    3.906442e-02    3.997566e-02    1.861271e-01
    6.000000e+00    2.149363e-01    6.735446e-02    1.100215e-01    0.000000e+00    3.756033e-02    3.439306e-02    1.721136e-01
    7.000000e+00    2.069319e-01    6.595958e-02    1.072344e-01    0.000000e+00    3.373793e-02    3.360284e-02    1.693724e-01
    8.000000e+00    2.004150e-01    6.536749e-02    1.046420e-01    0.000000e+00    3.040554e-02    2.969944e-02    1.575497e-01
    9.000000e+00    1.990367e-01    6.736793e-02    9.904459e-02    0.000000e+00    3.262417e-02    3.177195e-02    1.633168e-01
    1.000000e+01    1.964772e-01    6.727130e-02    9.866302e-02    0.000000e+00    3.054292e-02    3.062914e-02    1.591853e-01
    1.100000e+01    1.943638e-01    6.646521e-02    9.710511e-02    0.000000e+00    3.079349e-02    2.800754e-02    1.500391e-01
    1.200000e+01    1.943293e-01    6.718100e-02    9.605324e-02    0.000000e+00    3.109505e-02    2.927419e-02    1.529136e-01
    1.300000e+01    1.897866e-01    6.552814e-02    9.495913e-02    0.000000e+00    2.929932e-02    2.941572e-02    1.522894e-01
    1.400000e+01    1.908623e-01    6.675879e-02    9.406720e-02    0.000000e+00    3.003635e-02    3.209381e-02    1.586633e-01
    1.500000e+01    1.885935e-01    6.649897e-02    9.216531e-02    0.000000e+00    2.992917e-02    3.076213e-02    1.559376e-01
    1.600000e+01    1.858666e-01    6.496496e-02    9.241660e-02    0.000000e+00    2.848509e-02    2.614823e-02    1.421815e-01
    1.700000e+01    1.871384e-01    6.567032e-02    9.276419e-02    0.000000e+00    2.870389e-02    3.215041e-02    1.585464e-01
    1.800000e+01    1.840773e-01    6.540726e-02    8.963330e-02    0.000000e+00    2.903669e-02    2.898819e-02    1.475065e-01
    1.900000e+01    1.834479e-01    6.517373e-02    8.915445e-02    0.000000e+00    2.911974e-02    2.863464e-02    1.468804e-01
    2.000000e+01    1.804086e-01    6.407907e-02    8.815176e-02    0.000000e+00    2.817779e-02    2.779042e-02    1.465157e-01
    2.100000e+01    1.766188e-01    6.204654e-02    8.764569e-02    0.000000e+00    2.692653e-02    2.761094e-02    1.421352e-01
    2.200000e+01    1.732398e-01    6.193371e-02    8.490967e-02    0.000000e+00    2.639642e-02    2.462735e-02    1.349961e-01
    2.300000e+01    1.736177e-01    6.169188e-02    8.498285e-02    0.000000e+00    2.694299e-02    2.630228e-02    1.385376e-01
    2.400000e+01    1.691830e-01    6.037443e-02    8.317128e-02    0.000000e+00    2.563726e-02    2.536901e-02    1.366909e-01
    2.500000e+01    1.662504e-01    5.885773e-02    8.232237e-02    0.000000e+00    2.507028e-02    2.542889e-02    1.335266e-01
    2.600000e+01    1.635083e-01    5.793086e-02    8.126098e-02    0.000000e+00    2.431647e-02    2.482836e-02    1.340998e-01
    2.700000e+01    1.590384e-01    5.767154e-02    7.759727e-02    0.000000e+00    2.376963e-02    2.440625e-02    1.323757e-01
    2.800000e+01    1.564870e-01    5.658120e-02    7.698322e-02    0.000000e+00    2.292254e-02    2.201409e-02    1.255948e-01
    2.900000e+01    1.549565e-01    5.558862e-02    7.627738e-02    0.000000e+00    2.309047e-02    2.064063e-02    1.196385e-01
    3.000000e+01    1.486104e-01    5.338133e-02    7.525137e-02    0.000000e+00    1.997773e-02    2.130461e-02    1.212806e-01
    3.100000e+01    1.464364e-01    5.287532e-02    7.250534e-02    0.000000e+00    2.105572e-02    2.190341e-02    1.217390e-01
    3.200000e+01    1.443958e-01    5.282947e-02    7.033364e-02    0.000000e+00    2.123270e-02    2.218532e-02    1.240895e-01
    3.300000e+01    1.427068e-01    5.165079e-02    7.035876e-02    0.000000e+00    2.069725e-02    1.831790e-02    1.116792e-01
    3.400000e+01    1.407165e-01    5.155702e-02    6.833650e-02    0.000000e+00    2.082302e-02    2.017496e-02    1.167340e-01
    3.500000e+01    1.370653e-01    5.115692e-02    6.589057e-02    0.000000e+00    2.001777e-02    2.086013e-02    1.193855e-01
    3.600000e+01    1.357249e-01    5.231767e-02    6.393202e-02    0.000000e+00    1.947523e-02    1.891917e-02    1.116654e-01
    3.700000e+01    1.346122e-01    5.089317e-02    6.453756e-02    0.000000e+00    1.918144e-02    1.718237e-02    1.077254e-01
    3.800000e+01    1.317586e-01    5.181116e-02    6.130422e-02    0.000000e+00    1.864324e-02    2.005432e-02    1.165343e-01
    3.900000e+01    1.293632e-01    5.062960e-02    5.961428e-02    0.000000e+00    1.911932e-02    1.734278e-02    1.091253e-01
    4.000000e+01    1.266926e-01    5.128792e-02    5.917874e-02    0.000000e+00    1.622597e-02    1.955963e-02    1.149488e-01
    4.100000e+01    1.278629e-01    5.234342e-02    5.833221e-02    0.000000e+00    1.718732e-02    1.615269e-02    1.013400e-01
    4.200000e+01    1.248960e-01    5.189298e-02    5.500487e-02    0.000000e+00    1.799812e-02    1.818899e-02    1.081943e-01
    4.300000e+01    1.212676e-01    5.035688e-02    5.465501e-02    0.000000e+00    1.625568e-02    1.725640e-02    1.056305e-01
    4.400000e+01    1.178345e-01    4.891732e-02    5.319113e-02    0.000000e+00    1.572610e-02    1.662445e-02    1.038612e-01
    4.500000e+01    1.147726e-01    4.902181e-02    4.973429e-02    0.000000e+00    1.601651e-02    1.482695e-02    9.665884e-02
    4.600000e+01    1.099317e-01    4.671675e-02    4.886885e-02    0.000000e+00    1.434612e-02    1.495455e-02    9.401157e-02
    4.700000e+01    1.046381e-01    4.571989e-02    4.525486e-02    0.000000e+00    1.366337e-02    1.214757e-02    8.448495e-02
    4.800000e+01    9.953514e-02    4.463505e-02    4.198197e-02    0.000000e+00    1.291812e-02    1.363110e-02    9.111881e-02
    4.900000e+01    9.593892e-02    4.354214e-02    3.936733e-02    0.000000e+00    1.302945e-02    1.186788e-02    8.547063e-02
    5.000000e+01    8.996258e-02    4.235801e-02    3.634618e-02    0.000000e+00    1.125839e-02    1.040864e-02    7.867718e-02
    5.100000e+01    8.840459e-02    4.278772e-02    3.524172e-02    0.000000e+00    1.037515e-02    1.129857e-02    8.252872e-02
    5.200000e+01    8.499139e-02    4.109242e-02    3.384072e-02    0.000000e+00    1.005826e-02    9.107145e-03    7.513829e-02
    5.300000e+01    7.580951e-02    3.816163e-02    2.858896e-02    0.000000e+00    9.058919e-03    9.900186e-03    7.811671e-02
    5.400000e+01    7.004515e-02    3.583809e-02    2.596462e-02    0.000000e+00    8.242433e-03    6.523552e-03    6.638081e-02
    5.500000e+01    5.971485e-02    3.132273e-02    2.227161e-02    0.000000e+00    6.120504e-03    5.272876e-03    5.800567e-02
    5.600000e+01    5.391338e-02    3.058345e-02    1.822836e-02    0.000000e+00    5.101572e-03    5.011603e-03    5.771910e-02
    5.700000e+01    4.675733e-02    2.627163e-02    1.624607e-02    0.000000e+00    4.239630e-03    2.859518e-03    4.278246e-02
    5.800000e+01    4.010962e-02    2.368621e-02    1.299653e-02    0.000000e+00    3.426891e-03    3.292734e-03    4.590873e-02
    5.900000e+01    3.390996e-02    2.095346e-02    1.006532e-02    0.000000e+00    2.891175e-03    1.881203e-03    3.469875e-02
    6.000000e+01    3.022798e-02    1.911748e-02    8.706511e-03    0.000000e+00    2.403986e-03    1.945997e-03    3.497612e-02
    6.100000e+01    2.584265e-02    1.707098e-02    6.821073e-03    0.000000e+00    1.950595e-03    2.346591e-03    3.827741e-02
    6.200000e+01    2.279545e-02    1.548095e-02    5.624932e-03    0.000000e+00    1.689567e-03    1.689879e-03    3.224895e-02
    6.300000e+01    1.976365e-02    1.383995e-02    4.506915e-03    0.000000e+00    1.416786e-03    8.598379e-04    2.324429e-02
    6.400000e+01    1.818502e-02    1.323175e-02    3.845185e-03    0.000000e+00    1.108080e-03    6.663838e-04    2.035164e-02
    6.500000e+01    1.685271e-02    1.239382e-02    3.463252e-03    0.000000e+00    9.956326e-04    1.200869e-03    2.784045e-02
    6.600000e+01    1.510181e-02    1.130331e-02    2.939667e-03    0.000000e+00    8.588252e-04    7.770470e-04    2.136668e-02
    6.700000e+01    1.422734e-02    1.092829e-02    2.514121e-03    0.000000e+00    7.849264e-04    5.639734e-04    1.795707e-02
    6.800000e+01    1.383601e-02    1.069808e-02    2.413429e-03    0.000000e+00    7.245022e-04    6.825681e-04    2.051686e-02
    6.900000e+01    1.410091e-02    1.102830e-02    2.329431e-03    0.000000e+00    7.431735e-04    9.358648e-04    2.503097e-02
    7.000000e+01    1.273755e-02    1.020675e-02    1.951501e-03    0.000000e+00    5.793003e-04    4.979145e-04    1.782430e-02
    7.100000e+01    1.149900e-02    9.394495e-03    1.594925e-03    0.000000e+00    5.095767e-04    5.237936e-04    1.764060e-02
    7.200000e+01    1.081687e-02    9.003524e-03    1.334407e-03    0.000000e+00    4.789393e-04    6.010976e-04    1.971125e-02
    7.300000e+01    1.104040e-02    8.944425e-03    1.582278e-03    0.000000e+00    5.137013e-04    2.940213e-04    1.335842e-02
    7.400000e+01    1.061838e-02    8.742238e-03    1.406163e-03    0.000000e+00    4.699820e-04    6.430629e-04    1.971860e-02
    7.500000e+01    1.086753e-02    8.830709e-03    1.542574e-03    0.000000e+00    4.942437e-04    3.491375e-04    1.422792e-02
    7.600000e+01    1.013904e-02    8.324333e-03    1.352177e-03    0.000000e+00    4.625311e-04    2.909587e-04    1.305968e-02
    7.700000e+01    9.879812e-03    8.134547e-03    1.285710e-03    0.000000e+00    4.595550e-04    2.595067e-04    1.198595e-02
    7.800000e+01    9.746936e-03    7.939406e-03    1.382564e-03    0.000000e+00    4.249664e-04    3.574415e-04    1.459598e-02
    7.900000e+01    9.200141e-03    7.660737e-03    1.187327e-03    0.000000e+00    3.520777e-04    6.667608e-04    2.067166e-02
    8.000000e+01    9.021580e-03    7.429885e-03    1.168393e-03    0.000000e+00    4.233024e-04    4.201260e-04    1.681865e-02
    8.100000e+01    9.280774e-03    7.647058e-03    1.221352e-03    0.000000e+00    4.123643e-04    2.770303e-04    1.321112e-02
    8.200000e+01    8.393335e-03    6.897566e-03    1.144100e-03    0.000000e+00    3.516695e-04    4.618234e-04    1.670833e-02
    8.300000e+01    8.144966e-03    6.703797e-03    1.049586e-03    0.000000e+00    3.915822e-04    3.322436e-04    1.416733e-02
    8.400000e+01    7.525545e-03    6.305772e-03    8.959928e-04    0.000000e+00    3.237798e-04    2.287630e-04    1.131245e-02
    8.500000e+01    7.499246e-03    6.130343e-03    1.029245e-03    0.000000e+00    3.396573e-04    1.982301e-04    1.125861e-02
    8.600000e+01    7.568787e-03    6.257191e-03    9.978566e-04    0.000000e+00    3.137396e-04    3.454483e-04    1.474718e-02
    8.700000e+01    7.454651e-03    6.084760e-03    1.006029e-03    0.000000e+00    3.638622e-04    2.261231e-04    1.128748e-02
    8.800000e+01    7.210474e-03    5.893956e-03    9.917413e-04    0.000000e+00    3.247770e-04    3.475282e-04    1.395818e-02
    8.900000e+01    7.116441e-03    5.788365e-03    9.605403e-04    0.000000e+00    3.675358e-04    2.131506e-04    1.127067e-02
    9.000000e+01    6.808848e-03    5.521947e-03    9.670531e-04    0.000000e+00    3.198479e-04    2.253056e-04    1.142034e-02
    9.100000e+01    6.596954e-03    5.379856e-03    8.862552e-04    0.000000e+00    3.308427e-04    2.822393e-04    1.311192e-02
    9.200000e+01    6.432957e-03    5.234328e-03    8.819009e-04    0.000000e+00    3.167284e-04    4.070112e-04    1.597730e-02
    9.300000e+01    6.602047e-03    5.369831e-03    8.660915e-04    0.000000e+00    3.661239e-04    4.243523e-04    1.575385e-02
    9.400000e+01    6.233165e-03    5.009864e-03    8.921131e-04    0.000000e+00    3.311880e-04    2.628909e-04    1.311648e-02
    9.500000e+01    6.671291e-03    5.403875e-03    9.336311e-04    0.000000e+00    3.337848e-04    4.552142e-04    1.739653e-02
    9.600000e+01    5.566371e-03    4.561887e-03    7.391029e-04    0.000000e+00    2.653806e-04    3.332022e-04    1.431529e-02
    9.700000e+01    6.353784e-03    5.077118e-03    9.322785e-04    0.000000e+00    3.443876e-04    6.342561e-04    2.108298e-02
    9.800000e+01    5.554157e-03    4.469736e-03    7.528223e-04    0.000000e+00    3.315984e-04    2.312944e-04    1.211857e-02
    9.900000e+01    5.516263e-03    4.472377e-03    7.342146e-04    0.000000e+00    3.096710e-04    3.022713e-04    1.342128e-02
    1.000000e+02    5.653315e-03    4.613557e-03    7.527991e-04    0.000000e+00    2.869579e-04    2.316654e-04    1.117080e-02
    1.010000e+02    5.847250e-03    4.668286e-03    8.287476e-04    0.000000e+00    3.502162e-04    2.333438e-04    1.235418e-02
    1.020000e+02    5.416968e-03    4.400062e-03    7.170763e-04    0.000000e+00    2.998301e-04    2.523773e-04    1.190384e-02
    1.030000e+02    5.190753e-03    4.229010e-03    6.861365e-04    0.000000e+00    2.756057e-04    2.796994e-04    1.281293e-02
    1.040000e+02    5.399003e-03    4.312637e-03    7.909340e-04    0.000000e+00    2.954325e-04    2.170897e-04    1.162732e-02
    1.050000e+02    4.841419e-03    3.978291e-03    6.176181e-04    0.000000e+00    2.455103e-04    3.602300e-04    1.441525e-02
    1.060000e+02    5.291977e-03    4.297107e-03    6.973115e-04    0.000000e+00    2.975582e-04    5.150807e-04    1.801668e-02
    1.070000e+02    5.254102e-03    4.240490e-03    7.516798e-04    0.000000e+00    2.619325e-04    2.108278e-04    1.138641e-02
    1.080000e+02    4.680840e-03    3.806647e-03    6.263287e-04    0.000000e+00    2.478646e-04    2.320901e-04    1.187554e-02
    1.090000e+02    4.884633e-03    3.999441e-03    6.296573e-04    0.000000e+00    2.555351e-04    2.355206e-04    1.216744e-02
    1.100000e+02    4.332920e-03    3.584907e-03    5.175448e-04    0.000000e+00    2.304683e-04    2.324458e-04    1.129826e-02
    1.110000e+02    4.641465e-03    3.856292e-03    5.644630e-04    0.000000e+00    2.207103e-04    2.982529e-04    1.363373e-02
    1.120000e+02    4.799064e-03    3.956251e-03    6.073566e-04    0.000000e+00    2.354555e-04    2.208587e-04    1.120498e-02
    1.130000e+02    4.660313e-03    3.844339e-03    6.067248e-04    0.000000e+00    2.092498e-04    3.519738e-04    1.491665e-02
    1.140000e+02    4.418147e-03    3.626427e-03    5.660472e-04    0.000000e+00    2.256730e-04    3.165825e-04    1.406030e-02
    1.150000e+02    4.475532e-03    3.710960e-03    5.353788e-04    0.000000e+00    2.291931e-04    1.722084e-04    9.782012e-03
    1.160000e+02    4.117984e-03    3.433523e-03    4.791032e-04    0.000000e+00    2.053573e-04    1.981322e-04    1.125946e-02
    1.170000e+02    4.279898e-03    3.577239e-03    4.983813e-04    0.000000e+00    2.042772e-04    1.881739e-04    1.055553e-02
    1.180000e+02    4.671710e-03    3.789407e-03    6.442419e-04    0.000000e+00    2.380609e-04    1.424449e-04    9.337261e-03
    1.190000e+02    4.056387e-03    3.406984e-03    4.814888e-04    0.000000e+00    1.679140e-04    1.106927e-04    7.903393e-03
    1.200000e+02    3.952426e-03    3.370191e-03    3.984649e-04    0.000000e+00    1.837703e-04    1.683991e-04    9.471226e-03
    1.210000e+02    3.752423e-03    3.129662e-03    4.541135e-04    0.000000e+00    1.686475e-04    1.392745e-04    8.376179e-03
    1.220000e+02    3.828599e-03    3.240622e-03    4.182082e-04    0.000000e+00    1.697693e-04    1.250575e-04    8.107647e-03
    1.230000e+02    3.503015e-03    2.964938e-03    3.903486e-04    0.000000e+00    1.477282e-04    9.846769e-05    7.157766e-03
    1.240000e+02    3.692067e-03    3.088526e-03    4.341933e-04    0.000000e+00    1.693483e-04    3.104619e-04    1.506170e-02
    1.250000e+02    3.337435e-03    2.841023e-03    3.469055e-04    0.000000e+00    1.495070e-04    1.184606e-04    7.739742e-03
    1.260000e+02    3.632706e-03    3.068811e-03    4.087106e-04    0.000000e+00    1.551846e-04    8.542590e-05    6.110285e-03
    1.270000e+02    3.479715e-03    2.993120e-03    3.656271e-04    0.000000e+00    1.209675e-04    1.425715e-04    8.692398e-03
    1.280000e+02    3.364205e-03    2.880439e-03    3.487145e-04    0.000000e+00    1.350517e-04    9.732225e-05    6.865443e-03
    1.290000e+02    3.143632e-03    2.701007e-03    3.212535e-04    0.000000e+00    1.213712e-04    1.711963e-04    1.095685e-02
    1.300000e+02    3.046113e-03    2.629137e-03    2.952335e-04    0.000000e+00    1.217421e-04    8.205212e-05    6.055648e-03
    1.310000e+02    2.893419e-03    2.535454e-03    2.539739e-04    0.000000e+00    1.039912e-04    8.242409e-05    5.808119e-03
    1.320000e+02    3.093647e-03    2.716382e-03    2.697597e-04    0.000000e+00    1.075054e-04    1.315722e-04    9.173341e-03
    1.330000e+02    2.968318e-03    2.554322e-03    3.079275e-04    0.000000e+00    1.060691e-04    6.147251e-05    5.073807e-03
    1.340000e+02    2.856344e-03    2.507932e-03    2.553206e-04    0.000000e+00    9.309139e-05    2.844184e-04    1.508169e-02
    1.350000e+02    2.937425e-03    2.547239e-03    2.819260e-04    0.000000e+00    1.082598e-04    1.528175e-04    1.024980e-02
    1.360000e+02    2.799753e-03    2.414767e-03    2.707478e-04    0.000000e+00    1.142378e-04    6.058671e-05    5.117580e-03
    1.370000e+02    2.669350e-03    2.371574e-03    2.141485e-04    0.000000e+00    8.362779e-05    6.597835e-05    5.570222e-03
    1.380000e+02    2.531000e-03    2.244080e-03    1.995805e-04    0.000000e+00    8.733920e-05    6.738953e-05    5.361650e-03
    1.390000e+02    2.785426e-03    2.432984e-03    2.574198e-04    0.000000e+00    9.502277e-05    1.372905e-04    9.447636e-03
    1.400000e+02    2.419011e-03    2.157505e-03    1.874900e-04    0.000000e+00    7.401577e-05    6.223124e-05    5.727193e-03
    1.410000e+02    2.671965e-03    2.340812e-03    2.344205e-04    0.000000e+00    9.673250e-05    5.269833e-05    5.191756e-03
    1.420000e+02    2.422118e-03    2.130448e-03    2.043155e-04    0.000000e+00    8.735468e-05    6.836453e-05    6.016177e-03
    1.430000e+02    2.411504e-03    2.139317e-03    1.882955e-04    0.000000e+00    8.389124e-05    5.672297e-05    5.135270e-03
    1.440000e+02    2.478920e-03    2.207033e-03    1.963491e-04    0.000000e+00    7.553746e-05    6.846686e-05    5.586877e-03
    1.450000e+02    2.293852e-03    2.029877e-03    1.839697e-04    0.000000e+00    8.000481e-05    5.019414e-05    5.544988e-03
    1.460000e+02    2.370562e-03    2.109744e-03    1.873665e-04    0.000000e+00    7.345210e-05    7.868258e-05    6.241636e-03
    1.470000e+02    2.175710e-03    1.943006e-03    1.655352e-04    0.000000e+00    6.716838e-05    6.021135e-05    6.586400e-03
    1.480000e+02    2.356508e-03    2.085485e-03    1.931068e-04    0.000000e+00    7.791673e-05    6.899591e-05    5.868519e-03
    1.490000e+02    2.372915e-03    2.087788e-03    1.934507e-04    0.000000e+00    9.167609e-05    5.637437e-05    4.939679e-03
    1.500000e+02    2.237102e-03    1.953545e-03    2.011740e-04    0.000000e+00    8.238269e-05    4.844774e-05    4.594042e-03
    1.510000e+02    2.075526e-03    1.851307e-03    1.541610e-04    0.000000e+00    7.005824e-05    6.386956e-05    5.095495e-03
    1.520000e+02    2.354990e-03    2.048874e-03    2.166645e-04    0.000000e+00    8.945139e-05    2.231869e-04    1.318067e-02
    1.530000e+02    2.156408e-03    1.918765e-03    1.644765e-04    0.000000e+00    7.316596e-05    5.927128e-05    5.047765e-03
    1.540000e+02    1.990526e-03    1.764119e-03    1.619057e-04    0.000000e+00    6.450154e-05    6.991033e-05    5.585972e-03
    1.550000e+02    2.068520e-03    1.842796e-03    1.590654e-04    0.000000e+00    6.665861e-05    5.232400e-05    5.083174e-03
    1.560000e+02    2.054984e-03    1.848887e-03    1.416243e-04    0.000000e+00    6.447212e-05    1.084799e-04    8.199031e-03
    1.570000e+02    2.032766e-03    1.823225e-03    1.466821e-04    0.000000e+00    6.285895e-05    6.402408e-05    5.801624e-03
    1.580000e+02    1.895714e-03    1.694049e-03    1.430331e-04    0.000000e+00    5.863183e-05    6.429481e-05    6.238006e-03
    1.590000e+02    1.871486e-03    1.682448e-03    1.333783e-04    0.000000e+00    5.565945e-05    4.763858e-05    4.939397e-03
    1.600000e+02    1.877687e-03    1.669790e-03    1.457715e-04    0.000000e+00    6.212560e-05    5.414200e-05    5.329925e-03
    1.610000e+02    2.022009e-03    1.793086e-03    1.636246e-04    0.000000e+00    6.529832e-05    4.108763e-05    4.278171e-03
    1.620000e+02    1.890978e-03    1.687097e-03    1.458786e-04    0.000000e+00    5.800264e-05    3.975709e-05    4.136836e-03
    1.630000e+02    2.027521e-03    1.793143e-03    1.668295e-04    0.000000e+00    6.754869e-05    6.266324e-05    5.662982e-03
    1.640000e+02    1.830572e-03    1.642844e-03    1.292192e-04    0.000000e+00    5.850851e-05    3.639301e-05    4.063904e-03
    1.650000e+02    1.837093e-03    1.625667e-03    1.496460e-04    0.000000e+00    6.178023e-05    6.055819e-05    6.165041e-03
    1.660000e+02    1.739475e-03    1.573165e-03    1.168877e-04    0.000000e+00    4.942281e-05    4.103091e-05    4.515326e-03
    1.670000e+02    1.805721e-03    1.593870e-03    1.448106e-04    0.000000e+00    6.703967e-05    3.290777e-05    4.290287e-03
    1.680000e+02    1.769645e-03    1.586607e-03    1.272887e-04    0.000000e+00    5.574988e-05    5.368535e-05    5.528212e-03
    1.690000e+02    1.858798e-03    1.627263e-03    1.623179e-04    0.000000e+00    6.921741e-05    4.145140e-05    4.768948e-03
    1.700000e+02    1.637837e-03    1.481630e-03    1.061918e-04    0.000000e+00    5.001523e-05    4.240715e-05    5.120208e-03
    1.710000e+02    1.771615e-03    1.583458e-03    1.324107e-04    0.000000e+00    5.574687e-05    1.712813e-04    1.189544e-02
    1.720000e+02    1.734623e-03    1.538447e-03    1.389478e-04    0.000000e+00    5.722762e-05    3.102710e-05    3.910058e-03
    1.730000e+02    1.716955e-03    1.545721e-03    1.241392e-04    0.000000e+00    4.709482e-05    1.170899e-04    9.424236e-03
    1.740000e+02    1.618410e-03    1.460501e-03    1.103714e-04    0.000000e+00    4.753691e-05    3.119065e-05    3.899850e-03
    1.750000e+02    1.600358e-03    1.418629e-03    1.252731e-04    0.000000e+00    5.645610e-05    3.303434e-05    4.022834e-03
    1.760000e+02    1.576009e-03    1.393063e-03    1.279180e-04    0.000000e+00    5.502873e-05    3.444365e-05    4.248068e-03
    1.770000e+02    1.614067e-03    1.436478e-03    1.214616e-04    0.000000e+00    5.612788e-05    3.777942e-05    4.140617e-03
    1.780000e+02    1.619267e-03    1.446362e-03    1.197114e-04    0.000000e+00    5.319321e-05    7.142960e-05    6.854914e-03
    1.790000e+02    1.429592e-03    1.287577e-03    9.975738e-05    0.000000e+00    4.225753e-05    3.245809e-05    3.968971e-03
    1.800000e+02    1.550777e-03    1.386545e-03    1.154585e-04    0.000000e+00    4.877374e-05    2.991712e-05    3.961465e-03
    1.810000e+02    1.586322e-03    1.420286e-03    1.205460e-04    0.000000e+00    4.548995e-05    2.585846e-05    3.647132e-03
    1.820000e+02    1.525602e-03    1.357032e-03    1.161608e-04    0.000000e+00    5.240905e-05    7.817929e-05    7.003036e-03
    1.830000e+02    1.490391e-03    1.341289e-03    1.030953e-04    0.000000e+00    4.600587e-05    3.257140e-05    4.131607e-03
    1.840000e+02    1.530403e-03    1.379875e-03    1.052170e-04    0.000000e+00    4.531095e-05    4.816026e-05    5.263797e-03
    1.850000e+02    1.483986e-03    1.320007e-03    1.160575e-04    0.000000e+00    4.792135e-05    4.270396e-05    4.744655e-03
    1.860000e+02    1.498910e-03    1.350896e-03    1.013279e-04    0.000000e+00    4.668661e-05    4.599517e-05    4.750444e-03
    1.870000e+02    1.385010e-03    1.247408e-03    9.619585e-05    0.000000e+00    4.140576e-05    3.313120e-05    4.101349e-03
    1.880000e+02    1.472486e-03    1.316897e-03    1.089096e-04    0.000000e+00    4.667936e-05    4.671593e-05    5.252071e-03
    1.890000e+02    1.451499e-03    1.314937e-03    9.863643e-05    0.000000e+00    3.792610e-05    6.742279e-05    6.571953e-03
    1.900000e+02    1.423430e-03    1.274871e-03    1.042176e-04    0.000000e+00    4.434162e-05    6.602051e-05    6.613262e-03
    1.910000e+02    1.413929e-03    1.279389e-03    9.133209e-05    0.000000e+00    4.320810e-05    3.984032e-05    4.612758e-03
    1.920000e+02    1.425722e-03    1.290308e-03    9.420990e-05    0.000000e+00    4.120358e-05    3.795379e-05    4.379530e-03
    1.930000e+02    1.363694e-03    1.209382e-03    1.078001e-04    0.000000e+00    4.651248e-05    4.658268e-05    5.554446e-03
    1.940000e+02    1.442606e-03    1.279942e-03    1.129378e-04    0.000000e+00    4.972696e-05    7.307781e-05    7.390531e-03
    1.950000e+02    1.475418e-03    1.312983e-03    1.148031e-04    0.000000e+00    4.763181e-05    2.950210e-05    3.873808e-03
    1.960000e+02    1.442842e-03    1.289126e-03    1.074679e-04    0.000000e+00    4.624822e-05    4.025942e-05    4.226813e-03
    1.970000e+02    1.293968e-03    1.164942e-03    9.134723e-05    0.000000e+00    3.767865e-05    5.074256e-05    5.333222e-03
    1.980000e+02    1.388127e-03    1.245322e-03    9.740838e-05    0.000000e+00    4.539615e-05    2.503271e-05    3.504312e-03
    1.990000e+02    1.297066e-03    1.176780e-03    8.254154e-05    0.000000e+00    3.774403e-05    2.957357e-05    4.032837e-03
    2.000000e+02    1.267399e-03    1.152208e-03    8.207810e-05    0.000000e+00    3.311268e-05    4.909897e-05    4.638986e-03
    2.010000e+02    1.372527e-03    1.248330e-03    8.747411e-05    0.000000e+00    3.672321e-05    3.577119e-05    4.432456e-03
    2.020000e+02    1.306555e-03    1.172980e-03    9.506062e-05    0.000000e+00    3.851371e-05    2.855569e-05    3.949178e-03
    2.030000e+02    1.223499e-03    1.106323e-03    8.016496e-05    0.000000e+00    3.701059e-05    3.366295e-05    4.014754e-03
    2.040000e+02    1.325274e-03    1.183433e-03    9.473292e-05    0.000000e+00    4.710814e-05    4.070161e-05    5.480267e-03
    2.050000e+02    1.268512e-03    1.138358e-03    8.751520e-05    0.000000e+00    4.263861e-05    4.077691e-05    4.898080e-03
    2.060000e+02    1.260619e-03    1.147794e-03    7.780657e-05    0.000000e+00    3.501792e-05    2.958626e-05    3.931779e-03
    2.070000e+02    1.295644e-03    1.176951e-03    8.127419e-05    0.000000e+00    3.741941e-05    4.000051e-05    4.479972e-03
    2.080000e+02    1.400277e-03    1.270370e-03    8.739798e-05    0.000000e+00    4.250869e-05    5.583382e-05    6.086059e-03
    2.090000e+02    1.225909e-03    1.093270e-03    9.019097e-05    0.000000e+00    4.244773e-05    5.146435e-05    5.567482e-03
    2.100000e+02    1.147359e-03    1.040871e-03    7.291894e-05    0.000000e+00    3.356919e-05    3.792219e-05    4.586660e-03
    2.110000e+02    1.156254e-03    1.061307e-03    6.517759e-05    0.000000e+00    2.976977e-05    3.687329e-05    4.373922e-03
    2.120000e+02    1.192736e-03    1.076605e-03    8.054748e-05    0.000000e+00    3.558341e-05    3.688850e-05    4.122348e-03
    2.130000e+02    1.273579e-03    1.153775e-03    8.298067e-05    0.000000e+00    3.682389e-05    6.835163e-05    6.624412e-03
    2.140000e+02    1.172140e-03    1.056269e-03    7.641340e-05    0.000000e+00    3.945830e-05    3.411826e-05    4.541051e-03
    2.150000e+02    1.239059e-03    1.133846e-03    7.356295e-05    0.000000e+00    3.165003e-05    4.185352e-05    4.671660e-03
    2.160000e+02    1.129723e-03    1.027835e-03    7.022615e-05    0.000000e+00    3.166188e-05    3.688145e-05    4.520372e-03
    2.170000e+02    1.238288e-03    1.133284e-03    7.129065e-05    0.000000e+00    3.371381e-05    3.210342e-05    4.142761e-03
    2.180000e+02    1.141919e-03    1.030727e-03    7.376839e-05    0.000000e+00    3.742312e-05    3.176198e-05    4.229050e-03
    2.190000e+02    1.200484e-03    1.096372e-03    6.710367e-05    0.000000e+00    3.700856e-05    3.939644e-05    4.219959e-03
    2.200000e+02    1.205444e-03    1.088563e-03    7.833262e-05    0.000000e+00    3.854836e-05    2.201946e-05    3.393976e-03
    2.210000e+02    1.086781e-03    9.928273e-04    6.105749e-05    0.000000e+00    3.289577e-05    3.384070e-05    3.809015e-03
    2.220000e+02    1.138336e-03    1.039095e-03    6.695722e-05    0.000000e+00    3.228376e-05    4.371793e-05    4.529038e-03
    2.230000e+02    1.168554e-03    1.050174e-03    7.877790e-05    0.000000e+00    3.960240e-05    2.332759e-05    3.411805e-03
    2.240000e+02    1.112771e-03    1.011979e-03    6.608464e-05    0.000000e+00    3.470799e-05    3.989051e-05    4.112817e-03
    2.250000e+02    1.183539e-03    1.071461e-03    7.498678e-05    0.000000e+00    3.709125e-05    3.099934e-05    3.987245e-03
    2.260000e+02    1.074643e-03    9.793013e-04    6.305545e-05    0.000000e+00    3.228666e-05    2.561615e-05    3.599688e-03
    2.270000e+02    1.125731e-03    1.036400e-03    6.050144e-05    0.000000e+00    2.882954e-05    2.631570e-05    3.493008e-03
    2.280000e+02    1.023448e-03    9.335998e-04    5.649598e-05    0.000000e+00    3.335194e-05    3.574561e-05    4.219067e-03
    2.290000e+02    1.064681e-03    9.719794e-04    5.954708e-05    0.000000e+00    3.315493e-05    2.351916e-05    3.483418e-03
    2.300000e+02    1.065139e-03    9.687292e-04    6.337585e-05    0.000000e+00    3.303429e-05    2.591907e-05    3.453229e-03
    2.310000e+02    1.025688e-03    9.345862e-04    5.949556e-05    0.000000e+00    3.160640e-05    2.952735e-05    3.919794e-03
    2.320000e+02    1.096902e-03    1.011789e-03    5.586635e-05    0.000000e+00    2.924633e-05    2.476444e-05    3.744085e-03
    2.330000e+02    1.094413e-03    1.003112e-03    6.138059e-05    0.000000e+00    2.992084e-05    3.613444e-05    4.420777e-03
    2.340000e+02    1.069710e-03    9.784255e-04    6.002230e-05    0.000000e+00    3.126179e-05    2.584712e-05    3.440714e-03
    2.350000e+02    1.089625e-03    9.825785e-04    6.955711e-05    0.000000e+00    3.748897e-05    2.530287e-05    3.447922e-03
    2.360000e+02    1.043699e-03    9.580233e-04    5.513821e-05    0.000000e+00    3.053770e-05    3.120706e-05    4.117582e-03
    2.370000e+02    1.110967e-03    1.017809e-03    6.195084e-05    0.000000e+00    3.120744e-05    3.253472e-05    3.913961e-03
    2.380000e+02    1.030296e-03    9.464875e-04    5.520966e-05    0.000000e+00    2.859877e-05    2.483575e-05    3.440108e-03
    2.390000e+02    1.056079e-03    9.664227e-04    5.793162e-05    0.000000e+00    3.172486e-05    3.175624e-05    4.271685e-03
    2.400000e+02    1.010854e-03    9.307866e-04    5.118223e-05    0.000000e+00    2.888553e-05    3.530774e-05    4.604649e-03
    2.410000e+02    9.641468e-04    8.818017e-04    5.424275e-05    0.000000e+00    2.810237e-05    3.096369e-05    4.320737e-03
    2.420000e+02    1.036656e-03    9.494966e-04    5.404618e-05    0.000000e+00    3.311336e-05    2.892743e-05    4.169551e-03
    2.430000e+02    9.933911e-04    9.063031e-04    5.793925e-05    0.000000e+00    2.914879e-05    2.552079e-05    4.112237e-03
    2.440000e+02    1.066953e-03    9.603017e-04    6.741257e-05    0.000000e+00    3.923837e-05    4.081697e-05    4.491049e-03
    2.450000e+02    1.005583e-03    9.197483e-04    5.690205e-05    0.000000e+00    2.893237e-05    2.927914e-05    3.969713e-03
    2.460000e+02    1.015307e-03    9.305070e-04    5.407628e-05    0.000000e+00    3.072377e-05    2.865453e-05    3.602942e-03
    2.470000e+02    9.893008e-04    9.003303e-04    5.555371e-05    0.000000e+00    3.341677e-05    2.970729e-05    4.269021e-03
    2.480000e+02    9.567671e-04    8.846990e-04    4.640399e-05    0.000000e+00    2.566415e-05    2.553113e-05    3.486531e-03
    2.490000e+02    1.113587e-03    1.013716e-03    6.388643e-05    0.000000e+00    3.598500e-05    2.800986e-05    3.888818e-03
    2.500000e+02    9.949028e-04    9.193409e-04    5.054327e-05    0.000000e+00    2.501870e-05    2.740441e-05    3.621003e-03
    2.510000e+02    9.798511e-04    8.950032e-04    5.401713e-05    0.000000e+00    3.083074e-05    3.824147e-05    4.917616e-03
    2.520000e+02    9.741524e-04    8.921601e-04    4.973465e-05    0.000000e+00    3.225760e-05    2.097287e-05    3.218408e-03
    2.530000e+02    9.623811e-04    8.873813e-04    4.841982e-05    0.000000e+00    2.657996e-05    4.558265e-05    5.322002e-03
    2.540000e+02    1.000241e-03    9.034039e-04    6.088659e-05    0.000000e+00    3.595062e-05    3.105827e-05    3.814267e-03
    2.550000e+02    9.584012e-04    8.783982e-04    5.017318e-05    0.000000e+00    2.982980e-05    2.938916e-05    4.215411e-03
    2.560000e+02    8.970585e-04    8.235816e-04    4.519446e-05    0.000000e+00    2.828247e-05    1.979186e-05    3.279586e-03
    2.570000e+02    8.792737e-04    8.113786e-04    4.271300e-05    0.000000e+00    2.518218e-05    1.952887e-05    3.245112e-03
    2.580000e+02    8.904288e-04    8.203274e-04    4.452772e-05    0.000000e+00    2.557370e-05    3.372306e-05    4.308609e-03
    2.590000e+02    8.813010e-04    8.025881e-04    5.049827e-05    0.000000e+00    2.821461e-05    2.058255e-05    3.137428e-03
    2.600000e+02    9.110048e-04    8.337380e-04    5.147959e-05    0.000000e+00    2.578729e-05    2.038325e-05    3.180226e-03
    2.610000e+02    9.389193e-04    8.731684e-04    4.255256e-05    0.000000e+00    2.319835e-05    1.842150e-05    3.287833e-03
    2.620000e+02    8.846244e-04    8.099936e-04    4.513727e-05    0.000000e+00    2.949352e-05    2.783098e-05    3.691512e-03
    2.630000e+02    9.189799e-04    8.424367e-04    4.813360e-05    0.000000e+00    2.840963e-05    3.867257e-05    4.740939e-03
    2.640000e+02    9.372175e-04    8.626853e-04    4.747991e-05    0.000000e+00    2.705237e-05    2.514967e-05    3.551411e-03
    2.650000e+02    8.808900e-04    8.090246e-04    4.501154e-05    0.000000e+00    2.685391e-05    2.031842e-05    3.117045e-03
    2.660000e+02    1.007861e-03    9.321257e-04    4.677122e-05    0.000000e+00    2.896439e-05    2.094296e-05    3.378651e-03
    2.670000e+02    9.832718e-04    9.113562e-04    4.477472e-05    0.000000e+00    2.714080e-05    2.245777e-05    3.326309e-03
    2.680000e+02    9.659941e-04    8.864839e-04    5.112551e-05    0.000000e+00    2.838475e-05    2.848063e-05    3.530980e-03
    2.690000e+02    1.012398e-03    9.259818e-04    5.489244e-05    0.000000e+00    3.152395e-05    2.653814e-05    3.854541e-03
    2.700000e+02    8.665201e-04    7.914782e-04    4.700477e-05    0.000000e+00    2.803715e-05    3.124795e-05    3.826706e-03
    2.710000e+02    9.434985e-04    8.702367e-04    4.396168e-05    0.000000e+00    2.930008e-05    4.600108e-05    5.632199e-03
    2.720000e+02    9.179201e-04    8.477230e-04    4.443209e-05    0.000000e+00    2.576503e-05    2.757925e-05    3.987464e-03
    2.730000e+02    9.382902e-04    8.626377e-04    4.427140e-05    0.000000e+00    3.138108e-05    2.036034e-05    3.189780e-03
    2.740000e+02    8.978103e-04    8.193126e-04    5.030871e-05    0.000000e+00    2.818904e-05    2.486118e-05    3.608124e-03
    2.750000e+02    8.478997e-04    7.837657e-04    3.697056e-05    0.000000e+00    2.716339e-05    1.990971e-05    3.190919e-03
    2.760000e+02    8.698121e-04    8.038570e-04    4.185670e-05    0.000000e+00    2.409838e-05    1.809140e-05    3.235863e-03
    2.770000e+02    8.867496e-04    8.106679e-04    4.657851e-05    0.000000e+00    2.950316e-05    2.163821e-05    3.419330e-03
    2.780000e+02    8.253165e-04    7.631058e-04    3.791240e-05    0.000000e+00    2.429836e-05    1.962580e-05    3.479815e-03
    2.790000e+02    8.305369e-04    7.681981e-04    3.712488e-05    0.000000e+00    2.521398e-05    1.964230e-05    3.197603e-03
    2.800000e+02    8.532140e-04    7.909064e-04    3.953640e-05    0.000000e+00    2.277117e-05    2.883125e-05    3.896903e-03
    2.810000e+02    8.032175e-04    7.422924e-04    3.668946e-05    0.000000e+00    2.423572e-05    1.919999e-05    3.119211e-03
    2.820000e+02    8.691612e-04    8.061660e-04    3.742850e-05    0.000000e+00    2.556670e-05    2.502324e-05    3.603949e-03
    2.830000e+02    8.559635e-04    7.933389e-04    4.030696e-05    0.000000e+00    2.231767e-05    2.384806e-05    3.652630e-03
    2.840000e+02    7.957118e-04    7.319355e-04    3.752222e-05    0.000000e+00    2.625408e-05    1.780873e-05    3.172961e-03
    2.850000e+02    8.315636e-04    7.593898e-04    4.435509e-05    0.000000e+00    2.781871e-05    3.377403e-05    5.163234e-03
    2.860000e+02    8.256658e-04    7.619912e-04    3.981089e-05    0.000000e+00    2.386378e-05    2.084192e-05    3.067754e-03
    2.870000e+02    8.299554e-04    7.695926e-04    3.655755e-05    0.000000e+00    2.380523e-05    2.094946e-05    3.171432e-03
    2.880000e+02    8.294843e-04    7.663565e-04    3.960422e-05    0.000000e+00    2.352355e-05    2.368155e-05    3.561111e-03
    2.890000e+02    8.371194e-04    7.718612e-04    4.049718e-05    0.000000e+00    2.476105e-05    2.229079e-05    3.213694e-03
    2.900000e+02    8.009578e-04    7.415179e-04    3.661775e-05    0.000000e+00    2.282211e-05    2.456720e-05    3.795094e-03
    2.910000e+02    7.871854e-04    7.341805e-04    3.037535e-05    0.000000e+00    2.262949e-05    1.876801e-05    3.049688e-03
    2.920000e+02    8.283328e-04    7.673682e-04    3.666904e-05    0.000000e+00    2.429560e-05    1.840688e-05    3.088647e-03
    2.930000e+02    8.011603e-04    7.431319e-04    3.438599e-05    0.000000e+00    2.364243e-05    2.061780e-05    3.186267e-03
    2.940000e+02    7.755509e-04    7.184938e-04    3.227180e-05    0.000000e+00    2.478529e-05    2.561462e-05    3.702413e-03
    2.950000e+02    7.824790e-04    7.226964e-04    3.650724e-05    0.000000e+00    2.327534e-05    1.646168e-05    3.169002e-03
    2.960000e+02    8.158629e-04    7.597357e-04    3.306010e-05    0.000000e+00    2.306709e-05    2.021865e-05    3.261628e-03
    2.970000e+02    7.803201e-04    7.276360e-04    3.147316e-05    0.000000e+00    2.121100e-05    1.733611e-05    2.952717e-03
    2.980000e+02    7.996316e-04    7.467816e-04    3.123334e-05    0.000000e+00    2.161660e-05    1.798389e-05    3.355080e-03
    2.990000e+02    7.936471e-04    7.351364e-04    3.695623e-05    0.000000e+00    2.155452e-05    2.231043e-05    3.438712e-03
    3.000000e+02    7.997745e-04    7.386214e-04    3.839607e-05    0.000000e+00    2.275698e-05    1.685712e-05    2.914429e-03
## END TRAIN DATA
